LVMT,1e6,6,2.848
LVMT,1e6,7,2.502
LVMT,1e6,8,2.463
LVMT,1e6,9,2.533
LVMT,1e6,10,2.398
LVMT,1e6,11,15.007
LVMT,1e6,12,2.953
LVMT,1e6,13,2.809
LVMT,1e6,14,2.830
LVMT,1e6,15,2.794
LVMT,1e6,16,14.926
LVMT,1e6,17,3.150
LVMT,1e6,18,2.991
LVMT,1e6,19,3.066
LVMT,1e6,20,2.861
LVMT,1e6,21,15.263
LVMT,1e6,22,3.356
LVMT,1e6,23,3.182
LVMT,1e6,24,3.054
LVMT,1e6,25,2.891
LVMT,1e6,26,15.327
LVMT,1e6,27,3.185
LVMT,1e6,28,3.061
LVMT,1e6,29,3.118
LVMT,1e6,30,2.892
LVMT,1e6,31,14.839
LVMT,1e6,32,3.440
LVMT,1e6,33,3.269
LVMT,1e6,34,3.280
LVMT,1e6,35,2.935
LVMT,1e6,36,15.295
LVMT,1e6,37,3.303
LVMT,1e6,38,3.199
LVMT,1e6,39,3.140
LVMT,1e6,40,2.879
LVMT,1e6,41,14.764
LVMT,1e6,42,3.449
LVMT,1e6,43,3.284
LVMT,1e6,44,3.216
LVMT,1e6,45,3.011
LVMT,1e6,46,15.414
LVMT,1e6,47,3.263
LVMT,1e6,48,3.156
LVMT,1e6,49,3.181
LVMT,1e6,50,2.933
LVMT,1e6,51,14.737
LVMT,1e6,52,3.488
LVMT,1e6,53,3.222
LVMT,1e6,54,3.163
LVMT,1e6,55,3.309
LVMT,1e6,56,15.941
LVMT,1e6,57,3.448
LVMT,1e6,58,3.154
LVMT,1e6,59,3.193
LVMT,1e6,60,3.019
LVMT,1e6,61,15.417
LVMT,1e6,62,3.617
LVMT,1e6,63,3.354
LVMT,1e6,64,3.350
LVMT,1e6,65,3.021
LVMT,1e6,66,15.759
LVMT,1e6,67,3.488
LVMT,1e6,68,3.187
LVMT,1e6,69,3.255
LVMT,1e6,70,2.910
LVMT,1e6,71,15.498
LVMT,1e6,72,3.641
LVMT,1e6,73,3.301
LVMT,1e6,74,3.301
LVMT,1e6,75,3.022
LVMT,1e6,76,16.394
LVMT,1e6,77,3.475
LVMT,1e6,78,3.304
LVMT,1e6,79,3.348
LVMT,1e6,80,2.967
LVMT,1e6,81,15.664
LVMT,1e6,82,3.428
LVMT,1e6,83,3.285
LVMT,1e6,84,3.260
LVMT,1e6,85,2.981
LVMT,1e6,86,16.223
LVMT,1e6,87,3.461
LVMT,1e6,88,3.331
LVMT,1e6,89,3.186
LVMT,1e6,90,2.931
LVMT,1e6,91,15.741
LVMT,1e6,92,3.525
LVMT,1e6,93,3.325
LVMT,1e6,94,3.329
LVMT,1e6,95,2.984
LVMT,1e6,96,16.596
LVMT,1e6,97,3.506
LVMT,1e6,98,3.226
LVMT,1e6,99,3.370
LVMT,1e6,100,2.947
LVMT,1e6,101,16.029
LVMT,1e6,102,3.562
LVMT,1e6,103,3.355
LVMT,1e6,104,3.352
LVMT,1e6,105,3.261
LVMT,1e6,106,16.612
LVMT,1e6,107,3.359
LVMT,1e6,108,3.215
LVMT,1e6,109,3.329
LVMT,1e6,110,2.966
LVMT,1e6,111,16.213
LVMT,1e6,112,3.501
LVMT,1e6,113,3.337
LVMT,1e6,114,3.250
LVMT,1e6,115,3.102
LVMT,1e6,116,16.748
LVMT,1e6,117,3.425
LVMT,1e6,118,3.264
LVMT,1e6,119,3.336
LVMT,1e6,120,3.003
LVMT,1e6,121,16.317
LVMT,1e6,122,3.576
LVMT,1e6,123,3.346
LVMT,1e6,124,3.193
LVMT,1e6,125,3.028
LVMT,1e6,126,16.934
LVMT,1e6,127,3.383
LVMT,1e6,128,3.185
LVMT,1e6,129,3.092
LVMT,1e6,130,2.952
LVMT,1e6,131,16.109
LVMT,1e6,132,3.567
LVMT,1e6,133,3.406
LVMT,1e6,134,3.240
LVMT,1e6,135,3.155
LVMT,1e6,136,16.962
LVMT,1e6,137,3.485
LVMT,1e6,138,3.400
LVMT,1e6,139,3.414
LVMT,1e6,140,2.993
LVMT,1e6,141,16.244
LVMT,1e6,142,3.659
LVMT,1e6,143,3.428
LVMT,1e6,144,3.268
LVMT,1e6,145,3.033
LVMT,1e6,146,16.895
LVMT,1e6,147,3.582
LVMT,1e6,148,3.397
LVMT,1e6,149,3.257
LVMT,1e6,150,3.017
LVMT,1e6,151,16.307
LVMT,1e6,152,3.622
LVMT,1e6,153,3.323
LVMT,1e6,154,3.177
LVMT,1e6,155,3.299
LVMT,1e6,156,16.913
LVMT,1e6,157,3.498
LVMT,1e6,158,3.270
LVMT,1e6,159,3.147
LVMT,1e6,160,3.042
LVMT,1e6,161,16.321
LVMT,1e6,162,3.566
LVMT,1e6,163,3.336
LVMT,1e6,164,3.270
LVMT,1e6,165,3.105
LVMT,1e6,166,16.934
LVMT,1e6,167,3.484
LVMT,1e6,168,3.332
LVMT,1e6,169,3.353
LVMT,1e6,170,2.996
LVMT,1e6,171,16.207
LVMT,1e6,172,3.592
LVMT,1e6,173,3.405
LVMT,1e6,174,3.321
LVMT,1e6,175,3.002
LVMT,1e6,176,16.472
LVMT,1e6,177,3.449
LVMT,1e6,178,3.372
LVMT,1e6,179,3.295
LVMT,1e6,180,3.033
LVMT,1e6,181,16.172
LVMT,1e6,182,3.589
LVMT,1e6,183,3.408
LVMT,1e6,184,3.219
LVMT,1e6,185,3.097
LVMT,1e6,186,16.729
LVMT,1e6,187,3.409
LVMT,1e6,188,3.309
LVMT,1e6,189,3.217
LVMT,1e6,190,3.035
LVMT,1e6,191,15.555
LVMT,1e6,192,3.502
LVMT,1e6,193,3.305
LVMT,1e6,194,3.178
LVMT,1e6,195,3.027
LVMT,1e6,196,16.559
LVMT,1e6,197,3.624
LVMT,1e6,198,3.254
LVMT,1e6,199,3.211
LVMT,1e6,200,2.987
LVMT,1e6,201,15.736
LVMT,1e6,202,3.602
LVMT,1e6,203,3.337
LVMT,1e6,204,3.252
LVMT,1e6,205,3.228
LVMT,1e6,206,16.217
LVMT,1e6,207,3.551
LVMT,1e6,208,3.233
LVMT,1e6,209,3.122
LVMT,1e6,210,2.935
LVMT,1e6,211,15.499
LVMT,1e6,212,3.550
LVMT,1e6,213,3.340
LVMT,1e6,214,3.289
LVMT,1e6,215,3.076
LVMT,1e6,216,16.051
LVMT,1e6,217,3.515
LVMT,1e6,218,3.288
LVMT,1e6,219,3.191
LVMT,1e6,220,3.029
LVMT,1e6,221,15.743
LVMT,1e6,222,3.585
LVMT,1e6,223,3.432
LVMT,1e6,224,3.330
LVMT,1e6,225,3.097
LVMT,1e6,226,16.293
LVMT,1e6,227,3.477
LVMT,1e6,228,3.202
LVMT,1e6,229,3.138
LVMT,1e6,230,2.954
LVMT,1e6,231,15.385
LVMT,1e6,232,3.612
LVMT,1e6,233,3.452
LVMT,1e6,234,3.413
LVMT,1e6,235,3.078
LVMT,1e6,236,15.925
LVMT,1e6,237,3.459
LVMT,1e6,238,3.437
LVMT,1e6,239,3.154
LVMT,1e6,240,3.094
LVMT,1e6,241,15.618
LVMT,1e6,242,3.645
LVMT,1e6,243,3.453
LVMT,1e6,244,3.402
LVMT,1e6,245,3.090
LVMT,1e6,246,16.189
LVMT,1e6,247,3.533
LVMT,1e6,248,3.426
LVMT,1e6,249,3.184
LVMT,1e6,250,3.052
LVMT,1e6,251,15.605
LVMT,1e6,252,3.570
LVMT,1e6,253,3.331
LVMT,1e6,254,3.246
LVMT,1e6,255,3.261
LVMT,1e6,256,16.058
LVMT,1e6,257,3.657
LVMT,1e6,258,3.317
LVMT,1e6,259,3.309
LVMT,1e6,260,3.072
LVMT,1e6,261,16.914
LVMT,1e6,262,3.762
LVMT,1e6,263,3.474
LVMT,1e6,264,3.422
LVMT,1e6,265,3.057
LVMT,1e6,266,19.006
LVMT,1e6,267,3.712
LVMT,1e6,268,3.276
LVMT,1e6,269,3.232
LVMT,1e6,270,3.016
LVMT,1e6,271,17.091
LVMT,1e6,272,3.559
LVMT,1e6,273,3.350
LVMT,1e6,274,3.462
LVMT,1e6,275,3.113
LVMT,1e6,276,17.199
LVMT,1e6,277,3.539
LVMT,1e6,278,3.357
LVMT,1e6,279,3.383
LVMT,1e6,280,3.087
LVMT,1e6,281,16.157
LVMT,1e6,282,3.707
LVMT,1e6,283,3.452
LVMT,1e6,284,3.314
LVMT,1e6,285,3.003
LVMT,1e6,286,16.747
LVMT,1e6,287,3.521
LVMT,1e6,288,3.273
LVMT,1e6,289,3.233
LVMT,1e6,290,2.921
LVMT,1e6,291,15.593
LVMT,1e6,292,3.629
LVMT,1e6,293,3.272
LVMT,1e6,294,3.299
LVMT,1e6,295,3.047
LVMT,1e6,296,15.929
LVMT,1e6,297,3.520
LVMT,1e6,298,3.361
LVMT,1e6,299,3.384
LVMT,1e6,300,2.958
LVMT,1e6,301,15.487
LVMT,1e6,302,3.554
LVMT,1e6,303,3.363
LVMT,1e6,304,3.407
LVMT,1e6,305,3.213
LVMT,1e6,306,16.282
LVMT,1e6,307,3.472
LVMT,1e6,308,3.278
LVMT,1e6,309,3.294
LVMT,1e6,310,2.948
LVMT,1e6,311,15.604
LVMT,1e6,312,3.491
LVMT,1e6,313,3.276
LVMT,1e6,314,3.301
LVMT,1e6,315,3.013
LVMT,1e6,316,15.945
LVMT,1e6,317,3.552
LVMT,1e6,318,3.294
LVMT,1e6,319,3.290
LVMT,1e6,320,3.067
LVMT,1e6,321,16.039
LVMT,1e6,322,3.644
LVMT,1e6,323,3.328
LVMT,1e6,324,3.282
LVMT,1e6,325,3.018
LVMT,1e6,326,16.663
LVMT,1e6,327,3.570
LVMT,1e6,328,3.391
LVMT,1e6,329,3.320
LVMT,1e6,330,3.001
LVMT,1e6,331,16.089
LVMT,1e6,332,3.603
LVMT,1e6,333,3.367
LVMT,1e6,334,3.351
LVMT,1e6,335,3.023
LVMT,1e6,336,16.322
LVMT,1e6,337,3.538
LVMT,1e6,338,3.271
LVMT,1e6,339,3.372
LVMT,1e6,340,2.981
LVMT,1e6,341,16.343
LVMT,1e6,342,3.527
LVMT,1e6,343,3.357
LVMT,1e6,344,3.287
LVMT,1e6,345,3.004
LVMT,1e6,346,17.307
LVMT,1e6,347,3.444
LVMT,1e6,348,3.224
LVMT,1e6,349,3.210
LVMT,1e6,350,3.029
LVMT,1e6,351,16.533
LVMT,1e6,352,3.572
LVMT,1e6,353,3.303
LVMT,1e6,354,3.295
LVMT,1e6,355,3.306
LVMT,1e6,356,16.655
LVMT,1e6,357,3.493
LVMT,1e6,358,3.342
LVMT,1e6,359,3.236
LVMT,1e6,360,2.986
LVMT,1e6,361,16.611
LVMT,1e6,362,3.643
LVMT,1e6,363,3.368
LVMT,1e6,364,3.326
LVMT,1e6,365,3.036
LVMT,1e6,366,17.440
LVMT,1e6,367,3.567
LVMT,1e6,368,3.295
LVMT,1e6,369,3.344
LVMT,1e6,370,2.993
LVMT,1e6,371,16.292
LVMT,1e6,372,3.627
LVMT,1e6,373,3.395
LVMT,1e6,374,3.330
LVMT,1e6,375,3.038
LVMT,1e6,376,16.929
LVMT,1e6,377,3.562
LVMT,1e6,378,3.295
LVMT,1e6,379,3.363
LVMT,1e6,380,3.073
LVMT,1e6,381,16.747
LVMT,1e6,382,3.542
LVMT,1e6,383,3.440
LVMT,1e6,384,3.355
LVMT,1e6,385,3.078
LVMT,1e6,386,17.477
LVMT,1e6,387,3.579
LVMT,1e6,388,3.260
LVMT,1e6,389,3.253
LVMT,1e6,390,3.126
LVMT,1e6,391,16.566
LVMT,1e6,392,3.612
LVMT,1e6,393,3.379
LVMT,1e6,394,3.343
LVMT,1e6,395,3.137
LVMT,1e6,396,16.838
LVMT,1e6,397,3.558
LVMT,1e6,398,3.382
LVMT,1e6,399,3.318
LVMT,1e6,400,3.060
LVMT,1e6,401,16.676
LVMT,1e6,402,3.638
LVMT,1e6,403,3.396
LVMT,1e6,404,3.349
LVMT,1e6,405,3.275
LVMT,1e6,406,17.642
LVMT,1e6,407,3.556
LVMT,1e6,408,3.427
LVMT,1e6,409,3.377
LVMT,1e6,410,3.099
LVMT,1e6,411,16.696
LVMT,1e6,412,3.590
LVMT,1e6,413,3.437
LVMT,1e6,414,3.367
LVMT,1e6,415,3.166
LVMT,1e6,416,17.154
LVMT,1e6,417,3.543
LVMT,1e6,418,3.406
LVMT,1e6,419,3.377
LVMT,1e6,420,3.026
LVMT,1e6,421,16.557
LVMT,1e6,422,3.669
LVMT,1e6,423,3.428
LVMT,1e6,424,3.330
LVMT,1e6,425,3.103
LVMT,1e6,426,17.762
LVMT,1e6,427,3.574
LVMT,1e6,428,3.334
LVMT,1e6,429,3.376
LVMT,1e6,430,2.987
LVMT,1e6,431,16.279
LVMT,1e6,432,3.670
LVMT,1e6,433,3.525
LVMT,1e6,434,3.384
LVMT,1e6,435,3.041
LVMT,1e6,436,16.749
LVMT,1e6,437,3.627
LVMT,1e6,438,3.406
LVMT,1e6,439,3.469
LVMT,1e6,440,3.110
LVMT,1e6,441,16.262
LVMT,1e6,442,3.635
LVMT,1e6,443,3.453
LVMT,1e6,444,3.378
LVMT,1e6,445,3.119
LVMT,1e6,446,17.338
LVMT,1e6,447,3.602
LVMT,1e6,448,3.482
LVMT,1e6,449,3.381
LVMT,1e6,450,3.133
LVMT,1e6,451,16.318
LVMT,1e6,452,3.658
LVMT,1e6,453,3.412
LVMT,1e6,454,3.379
LVMT,1e6,455,3.333
LVMT,1e6,456,16.538
LVMT,1e6,457,3.504
LVMT,1e6,458,3.296
LVMT,1e6,459,3.359
LVMT,1e6,460,2.982
LVMT,1e6,461,16.142
LVMT,1e6,462,3.660
LVMT,1e6,463,3.465
LVMT,1e6,464,3.429
LVMT,1e6,465,3.105
LVMT,1e6,466,17.116
LVMT,1e6,467,3.602
LVMT,1e6,468,3.343
LVMT,1e6,469,3.401
LVMT,1e6,470,3.187
LVMT,1e6,471,16.259
LVMT,1e6,472,3.593
LVMT,1e6,473,3.453
LVMT,1e6,474,3.355
LVMT,1e6,475,3.099
LVMT,1e6,476,16.350
LVMT,1e6,477,3.611
LVMT,1e6,478,3.368
LVMT,1e6,479,3.358
LVMT,1e6,480,3.092
LVMT,1e6,481,16.054
LVMT,1e6,482,3.728
LVMT,1e6,483,3.405
LVMT,1e6,484,3.459
LVMT,1e6,485,3.094
LVMT,1e6,486,17.365
LVMT,1e6,487,3.726
LVMT,1e6,488,3.303
LVMT,1e6,489,3.349
LVMT,1e6,490,3.020
LVMT,1e6,491,15.740
LVMT,1e6,492,3.606
LVMT,1e6,493,3.379
LVMT,1e6,494,3.477
LVMT,1e6,495,3.211
LVMT,1e6,496,16.443
LVMT,1e6,497,3.586
LVMT,1e6,498,3.420
LVMT,1e6,499,3.313
LVMT,1e6,500,3.177
LVMT,1e6,501,15.750
LVMT,1e6,502,3.641
LVMT,1e6,503,3.430
LVMT,1e6,504,3.458
